// Jest Snapshot v1, https://goo.gl/fbAQLP

exports[`renders without crashing with custom props 1`] = `
<div
  className="MuiPaper-root MuiCard-root MuiPaper-elevation1 MuiPaper-rounded"
>
  <div
    className="MuiCardContent-root"
  />
</div>
`;
